<?xml version="1.0" encoding="UTF-8"?>
<TestRun id="7f516e61-2106-4a66-b725-8ba892250b87" name="brsatrom@BRSATROM1 2010-07-14 14:26:20" runUser="NORTHAMERICA\brsatrom" xmlns="http://microsoft.com/schemas/VisualStudio/TeamTest/2010">
  <TestSettings name="Local" id="c614c05c-220d-43eb-8170-0fbece45ac3e">
    <Description>These are default test settings for a local test run.</Description>
    <Deployment enabled="false" runDeploymentRoot="brsatrom_BRSATROM1 2010-07-14 14_26_20">
      <DeploymentItem filename="C:\Development\MVC\RazorHelpers\StackOverflow\bin\Debug\StackOverflow.dll" />
    </Deployment>
    <Execution>
      <TestTypeSpecific />
      <AgentRule name="Execution Agents">
      </AgentRule>
    </Execution>
  </TestSettings>
  <Times creation="2010-07-14T14:26:20.4024369-05:00" queuing="2010-07-14T14:26:22.4724369-05:00" start="2010-07-14T14:26:22.6244369-05:00" finish="2010-07-14T14:26:28.7674369-05:00" />
  <ResultSummary outcome="Completed">
    <Counters total="1" executed="1" passed="1" error="0" failed="0" timeout="0" aborted="0" inconclusive="0" passedButRunAborted="0" notRunnable="0" notExecuted="0" disconnected="0" warning="0" completed="0" inProgress="0" pending="0" />
  </ResultSummary>
  <TestDefinitions>
    <UnitTest name="CanObtainUserIdFromName" storage="c:\development\mvc\razorhelpers\razorhelpertests\bin\debug\razorhelpertests.dll" id="2950b7fc-64ab-b33e-3656-c72745a251bc">
      <Execution id="4bd9586e-1b23-4986-917a-849334288b2e" />
      <TestMethod codeBase="C:/Development/MVC/RazorHelpers/RazorHelperTests/bin/Debug/RazorHelperTests.DLL" adapterTypeName="Microsoft.VisualStudio.TestTools.TestTypes.Unit.UnitTestAdapter, Microsoft.VisualStudio.QualityTools.Tips.UnitTest.Adapter, Version=10.0.0.0, Culture=neutral, PublicKeyToken=b03f5f7f11d50a3a" className="RazorHelperTests.StackOverFlowTests, RazorHelperTests, Version=1.0.0.0, Culture=neutral, PublicKeyToken=null" name="CanObtainUserIdFromName" />
    </UnitTest>
  </TestDefinitions>
  <TestLists>
    <TestList name="Results Not in a List" id="8c84fa94-04c1-424b-9868-57a2d4851a1d" />
    <TestList name="All Loaded Results" id="19431567-8539-422a-85d7-44ee4e166bda" />
  </TestLists>
  <TestEntries>
    <TestEntry testId="2950b7fc-64ab-b33e-3656-c72745a251bc" executionId="4bd9586e-1b23-4986-917a-849334288b2e" testListId="8c84fa94-04c1-424b-9868-57a2d4851a1d" />
  </TestEntries>
  <Results>
    <UnitTestResult executionId="4bd9586e-1b23-4986-917a-849334288b2e" testId="2950b7fc-64ab-b33e-3656-c72745a251bc" testName="CanObtainUserIdFromName" computerName="BRSATROM1" duration="00:00:04.5579088" startTime="2010-07-14T14:26:22.6904369-05:00" endTime="2010-07-14T14:26:28.0684369-05:00" testType="13cdc9d9-ddb5-4fa4-a97d-d965ccfc6d4b" outcome="Passed" testListId="8c84fa94-04c1-424b-9868-57a2d4851a1d" relativeResultsDirectory="4bd9586e-1b23-4986-917a-849334288b2e">
    </UnitTestResult>
  </Results>
</TestRun>