<?xml version="1.0" encoding="UTF-8"?>
<TestRun id="c4a85e69-1a0b-46f6-a30e-488e4e2b8789" name="brsatrom@BRSATROM1 2010-07-14 14:23:40" runUser="NORTHAMERICA\brsatrom" xmlns="http://microsoft.com/schemas/VisualStudio/TeamTest/2010">
  <TestSettings name="Local" id="c614c05c-220d-43eb-8170-0fbece45ac3e">
    <Description>These are default test settings for a local test run.</Description>
    <Deployment enabled="false" runDeploymentRoot="brsatrom_BRSATROM1 2010-07-14 14_23_40">
      <DeploymentItem filename="C:\Development\MVC\RazorHelpers\StackOverflow\bin\Debug\StackOverflow.dll" />
    </Deployment>
    <Execution>
      <TestTypeSpecific />
      <AgentRule name="Execution Agents">
      </AgentRule>
    </Execution>
  </TestSettings>
  <Times creation="2010-07-14T14:23:40.1884369-05:00" queuing="2010-07-14T14:23:42.3064369-05:00" start="2010-07-14T14:23:42.5114369-05:00" finish="2010-07-14T14:24:13.9774369-05:00" />
  <ResultSummary outcome="Error">
    <Counters total="1" executed="1" error="0" failed="0" timeout="0" aborted="1" inconclusive="0" passedButRunAborted="0" notRunnable="0" notExecuted="0" disconnected="0" warning="0" passed="0" completed="0" inProgress="0" pending="0" />
    <RunInfos>
      <RunInfo computerName="BRSATROM1" outcome="Error" timestamp="2010-07-14T14:24:13.9724369-05:00">
        <Text>Test host process exited unexpectedly.</Text>
      </RunInfo>
    </RunInfos>
  </ResultSummary>
  <TestDefinitions>
    <UnitTest name="CanObtainUserIdFromName" storage="c:\development\mvc\razorhelpers\razorhelpertests\bin\debug\razorhelpertests.dll" id="2950b7fc-64ab-b33e-3656-c72745a251bc">
      <Execution id="08090b84-06c2-4ffa-9332-bd0a86ebdf1b" />
      <TestMethod codeBase="C:/Development/MVC/RazorHelpers/RazorHelperTests/bin/Debug/RazorHelperTests.DLL" adapterTypeName="Microsoft.VisualStudio.TestTools.TestTypes.Unit.UnitTestAdapter, Microsoft.VisualStudio.QualityTools.Tips.UnitTest.Adapter, Version=10.0.0.0, Culture=neutral, PublicKeyToken=b03f5f7f11d50a3a" className="RazorHelperTests.StackOverFlowTests, RazorHelperTests, Version=1.0.0.0, Culture=neutral, PublicKeyToken=null" name="CanObtainUserIdFromName" />
    </UnitTest>
  </TestDefinitions>
  <TestLists>
    <TestList name="Results Not in a List" id="8c84fa94-04c1-424b-9868-57a2d4851a1d" />
    <TestList name="All Loaded Results" id="19431567-8539-422a-85d7-44ee4e166bda" />
  </TestLists>
  <TestEntries>
    <TestEntry testId="2950b7fc-64ab-b33e-3656-c72745a251bc" executionId="08090b84-06c2-4ffa-9332-bd0a86ebdf1b" testListId="8c84fa94-04c1-424b-9868-57a2d4851a1d" />
  </TestEntries>
  <Results>
    <UnitTestResult executionId="08090b84-06c2-4ffa-9332-bd0a86ebdf1b" testId="2950b7fc-64ab-b33e-3656-c72745a251bc" testName="CanObtainUserIdFromName" computerName="BRSATROM1" duration="00:00:31.3930000" startTime="2010-07-14T14:23:42.5844369-05:00" endTime="2010-07-14T14:24:13.9774369-05:00" testType="13cdc9d9-ddb5-4fa4-a97d-d965ccfc6d4b" outcome="Aborted" testListId="8c84fa94-04c1-424b-9868-57a2d4851a1d" relativeResultsDirectory="08090b84-06c2-4ffa-9332-bd0a86ebdf1b">
    </UnitTestResult>
  </Results>
</TestRun>